Copyright 1986-2018 Xilinx, Inc. All Rights Reserved.
---------------------------------------------------------------------------------------------
| Tool Version : Vivado v.2018.3 (lin64) Build 2405991 Thu Dec  6 23:36:41 MST 2018
| Date         : Fri Dec 14 17:42:13 2018
| Host         : saba-VirtualBox running 64-bit Ubuntu 18.04.1 LTS
| Command      : report_control_sets -verbose -file main_project_top_control_sets_placed.rpt
| Design       : main_project_top
| Device       : xc7z020
---------------------------------------------------------------------------------------------

Control Set Information

Table of Contents
-----------------
1. Summary
2. Histogram
3. Flip-Flop Distribution
4. Detailed Control Set Information

1. Summary
----------

+----------------------------------------------------------+-------+
|                          Status                          | Count |
+----------------------------------------------------------+-------+
| Number of unique control sets                            |    41 |
| Unused register locations in slices containing registers |   153 |
+----------------------------------------------------------+-------+


2. Histogram
------------

+--------+--------------+
| Fanout | Control Sets |
+--------+--------------+
|      1 |            9 |
|      4 |            5 |
|      8 |            5 |
|     10 |            4 |
|    16+ |           18 |
+--------+--------------+


3. Flip-Flop Distribution
-------------------------

+--------------+-----------------------+------------------------+-----------------+--------------+
| Clock Enable | Synchronous Set/Reset | Asynchronous Set/Reset | Total Registers | Total Slices |
+--------------+-----------------------+------------------------+-----------------+--------------+
| No           | No                    | No                     |              36 |           26 |
| No           | No                    | Yes                    |               0 |            0 |
| No           | Yes                   | No                     |             106 |           34 |
| Yes          | No                    | No                     |             416 |          178 |
| Yes          | No                    | Yes                    |               0 |            0 |
| Yes          | Yes                   | No                     |             137 |           37 |
+--------------+-----------------------+------------------------+-----------------+--------------+


4. Detailed Control Set Information
-----------------------------------

+---------------------------+----------------------------------------------------+--------------------------------------------------------+------------------+----------------+
|        Clock Signal       |                    Enable Signal                   |                    Set/Reset Signal                    | Slice Load Count | Bel Load Count |
+---------------------------+----------------------------------------------------+--------------------------------------------------------+------------------+----------------+
|  clock_inst/inst/clk_out2 |                                                    | cam1/controller/Inst_i2c_sender/sioc_i_1_n_0           |                1 |              1 |
|  clock_inst/inst/clk_out2 |                                                    | cam1/controller/Inst_i2c_sender/taken_i_1_n_0          |                1 |              1 |
|  clock_inst/inst/clk_out3 | Inst_VGA/activeArea3_out                           | Inst_VGA/activeArea0_out                               |                1 |              1 |
|  clock_inst/inst/clk_out2 |                                                    | cam1/btn_debounce/o_i_1_n_0                            |                1 |              1 |
|  clock_inst/inst/clk_out3 |                                                    | Inst_VGA/Hsync0                                        |                1 |              1 |
|  clock_inst/inst/clk_out3 |                                                    | Inst_VGA/Vsync0                                        |                1 |              1 |
|  clock_inst/inst/clk_out2 |                                                    | cam2/btn_debounce/o_i_1_n_0                            |                1 |              1 |
|  clock_inst/inst/clk_out2 |                                                    | cam2/controller/Inst_i2c_sender/taken_i_1_n_0          |                1 |              1 |
|  clock_inst/inst/clk_out2 |                                                    | cam2/controller/Inst_i2c_sender/sioc_i_1_n_0           |                1 |              1 |
|  OV7670_PCLK_1_IBUF_BUFG  |                                                    | OV7670_VSYNC_1_IBUF                                    |                2 |              4 |
|  clock_inst/inst/clk_out2 | gray_scale_cam_1[3]_i_1_n_0                        |                                                        |                2 |              4 |
|  clock_inst/inst/clk_out2 | gray_scale_cam_2[3]_i_1_n_0                        |                                                        |                2 |              4 |
|  clock_inst/inst/clk_out2 | vga_blue[3]_i_1_n_0                                |                                                        |                3 |              4 |
|  OV7670_PCLK_2_IBUF_BUFG  |                                                    | OV7670_VSYNC_2_IBUF                                    |                2 |              4 |
|  clock_inst/inst/clk_out2 | p_0_out                                            |                                                        |                6 |              8 |
|  clock_inst/inst/clk_out2 | cam2/controller/Inst_i2c_sender/divider[7]_i_1_n_0 |                                                        |                3 |              8 |
|  clock_inst/inst/clk_out2 | cam2/controller/Inst_i2c_sender/taken              | cam2/btn_debounce/o                                    |                2 |              8 |
|  clock_inst/inst/clk_out2 | cam1/controller/Inst_i2c_sender/taken              | cam1/btn_debounce/o                                    |                2 |              8 |
|  clock_inst/inst/clk_out2 | cam1/controller/Inst_i2c_sender/divider[7]_i_1_n_0 |                                                        |                3 |              8 |
|  clock_inst/inst/clk_out3 |                                                    | Inst_VGA/eqOp                                          |                4 |             10 |
|  clock_inst/inst/clk_out3 | Inst_VGA/eqOp                                      | Inst_VGA/Vcnt                                          |                2 |             10 |
|  clock_inst/inst/clk_out2 | cam2/controller/Inst_i2c_sender/busy_sr0           | cam2/controller/Inst_i2c_sender/data_sr[28]_i_1_n_0    |                4 |             10 |
|  clock_inst/inst/clk_out2 | cam1/controller/Inst_i2c_sender/busy_sr0           | cam1/controller/Inst_i2c_sender/data_sr[28]_i_1_n_0    |                4 |             10 |
|  clock_inst/inst/clk_out2 |                                                    | cam2/controller/Inst_ov7670_registers/sreg[15]_i_1_n_0 |                3 |             16 |
|  OV7670_PCLK_2_IBUF_BUFG  | cam2/capture/we_reg_i_1_n_0                        |                                                        |                6 |             16 |
|  clock_inst/inst/clk_out2 |                                                    | cam1/controller/Inst_ov7670_registers/sreg[15]_i_1_n_0 |                3 |             16 |
|  OV7670_PCLK_1_IBUF_BUFG  | cam1/capture/we_reg_i_1_n_0                        |                                                        |                6 |             16 |
|  clock_inst/inst/clk_out3 | Inst_Address_Generator/val                         | Inst_Address_Generator/clear                           |                5 |             18 |
|  OV7670_PCLK_2_IBUF_BUFG  | cam2/capture/address_next                          | OV7670_VSYNC_2_IBUF                                    |                5 |             18 |
|  OV7670_PCLK_2_IBUF_BUFG  | cam2/capture/we_reg__0                             | OV7670_VSYNC_2_IBUF                                    |                3 |             18 |
|  OV7670_PCLK_1_IBUF_BUFG  | cam1/capture/address_next                          | OV7670_VSYNC_1_IBUF                                    |                5 |             18 |
|  OV7670_PCLK_1_IBUF_BUFG  | cam1/capture/we_reg__0                             | OV7670_VSYNC_1_IBUF                                    |                4 |             18 |
|  clock_inst/inst/clk_out2 |                                                    | cam1/btn_debounce/clear                                |                6 |             24 |
|  clock_inst/inst/clk_out2 |                                                    | cam2/btn_debounce/clear                                |                6 |             24 |
|  OV7670_PCLK_2_IBUF_BUFG  | cam2/capture/addr[17]_i_1_n_0                      |                                                        |                9 |             31 |
|  OV7670_PCLK_1_IBUF_BUFG  | cam1/capture/addr[17]_i_1_n_0                      |                                                        |                9 |             31 |
|  clock_inst/inst/clk_out2 |                                                    |                                                        |               26 |             36 |
|  clock_inst/inst/clk_out2 | cam1/controller/Inst_i2c_sender/busy_sr0           |                                                        |               11 |             53 |
|  clock_inst/inst/clk_out2 | cam2/controller/Inst_i2c_sender/busy_sr0           |                                                        |               11 |             53 |
|  clock_inst/inst/clk_out2 | CEP                                                |                                                        |               35 |             72 |
|  clock_inst/inst/clk_out2 | shift_reg_0[0][3]_i_1_n_0                          |                                                        |              168 |            588 |
+---------------------------+----------------------------------------------------+--------------------------------------------------------+------------------+----------------+


